Traceback (most recent call last):
  File "E:\NetShield\backend\app\routes\live_traffic.py", line 30, in websocket_endpoint
    process = await asyncio.create_subprocess_exec(
              ^^^^^^^^^^^^^^^^^^^^^^^^^^^^^^^^^^^^^
    ...<3 lines>...
    )
    ^
  File "C:\Users\kinga\AppData\Local\Programs\Python\Python313\Lib\asyncio\subprocess.py", line 224, in create_subprocess_exec
    transport, protocol = await loop.subprocess_exec(
                          ^^^^^^^^^^^^^^^^^^^^^^^^^^^
    ...<3 lines>...
        stderr=stderr, **kwds)
        ^^^^^^^^^^^^^^^^^^^^^^
  File "C:\Users\kinga\AppData\Local\Programs\Python\Python313\Lib\asyncio\base_events.py", line 1802, in subprocess_exec
    transport = await self._make_subprocess_transport(
                ^^^^^^^^^^^^^^^^^^^^^^^^^^^^^^^^^^^^^^
        protocol, popen_args, False, stdin, stdout, stderr,
        ^^^^^^^^^^^^^^^^^^^^^^^^^^^^^^^^^^^^^^^^^^^^^^^^^^^
        bufsize, **kwargs)
        ^^^^^^^^^^^^^^^^^^
  File "C:\Users\kinga\AppData\Local\Programs\Python\Python313\Lib\asyncio\base_events.py", line 539, in _make_subprocess_transport
    raise NotImplementedError
NotImplementedError
